# Coin up, start, and sit still
#
# Trace format v1 — see crates/chill65-diff/src/trace.rs.
#
# Committable: trackball deltas and switch levels are our own authored work,
# not game-derived bytes. Plan section 9 forbids ROM images, framebuffers and
# the .MAC/.LDA/.DAT source in this repository; it does not forbid recordings
# of what a player did with the controls.
#
# Coin timing follows the game's own routine (CCN.MAC:269-300, Mike
# Albaugh's): the switch is sampled four times a frame, a valid coin is
# 16-800ms of contact -- so a longer press is not a safer one -- and the
# credit only lands 30 frames later, once $PSTSL, the post-coin slam timer,
# has run down. Pressing start before that does nothing at all.
# 
# After the start press the trace idles long enough to be well inside a
# game, with no trackball movement at all -- so anything that moves here
# moved on the game's own initiative.

chill65-trace 1
0 0 - x400
0 0 CoinLeft x10
0 0 - x50
0 0 Start1 x10
0 0 - x430
